client,available,held,total,locked
1,1,0,1,true
2,0,100,100,false