client,available,held,total,locked
1,1000,0,1000,true
2,1000,0,1000,false
3,200,100,300,false
4,0,0,0,false
42,0.0001,0,0.0001,false
43,499.5000,0,499.5000,false
44,499.4999,0,499.4999,false
