client,available,held,total,locked
1,0,0,0,true
2,0,2,2,false
3,5,0,5,true
4,20,0,20,true