client,available,held,total,locked
1,3,0,3,false
2,100,0,100,false