client,available,held,total,locked
1,3,0,3,false
2,0,100,100,false